Last login: Wed Jun 29 13:59:38 on ttys002
consultant@Syss-MacBook-Pro ~ % on consol 
zsh: command not found: on
consultant@Syss-MacBook-Pro ~ % cd
consultant@Syss-MacBook-Pro ~ % git clone https://github.com/Arnold97ky/Example.git
Cloning into 'Example'...
remote: Enumerating objects: 3, done.
remote: Counting objects: 100% (3/3), done.
remote: Total 3 (delta 0), reused 0 (delta 0), pack-reused 0
Receiving objects: 100% (3/3), done.
consultant@Syss-MacBook-Pro ~ % cd Examople01
cd: no such file or directory: Examople01
consultant@Syss-MacBook-Pro ~ % ls          
Desktop		Documents	Example		Movies		Pictures
Developer	Downloads	Library		Music		Public
consultant@Syss-MacBook-Pro ~ % git status
fatal: not a git repository (or any of the parent directories): .git
consultant@Syss-MacBook-Pro ~ % README
zsh: command not found: README
consultant@Syss-MacBook-Pro ~ % README.md
zsh: command not found: README.md
consultant@Syss-MacBook-Pro ~ % git status
fatal: not a git repository (or any of the parent directories): .git
consultant@Syss-MacBook-Pro ~ % cd Example
consultant@Syss-MacBook-Pro Example % ls
README.md
consultant@Syss-MacBook-Pro Example % git status
On branch main
Your branch is up to date with 'origin/main'.

nothing to commit, working tree clean
consultant@Syss-MacBook-Pro Example % touch example.txt
consultant@Syss-MacBook-Pro Example % open example.txt 
consultant@Syss-MacBook-Pro Example % git status
On branch main
Your branch is up to date with 'origin/main'.

Untracked files:
  (use "git add <file>..." to include in what will be committed)
	example.txt

nothing added to commit but untracked files present (use "git add" to track)
consultant@Syss-MacBook-Pro Example % git add example.txt 
consultant@Syss-MacBook-Pro Example % git commit -m "Add test file"
[main 0351ade] Add test file
 1 file changed, 1 insertion(+)
 create mode 100644 example.txt
consultant@Syss-MacBook-Pro Example % git push
Username for 'https://github.com': ^C
consultant@Syss-MacBook-Pro Example % git remote set-url origin git@github.com:Arnold97ky/Example.git
consultant@Syss-MacBook-Pro Example % git push
Enumerating objects: 4, done.
Counting objects: 100% (4/4), done.
Delta compression using up to 8 threads
Compressing objects: 100% (2/2), done.
Writing objects: 100% (3/3), 297 bytes | 297.00 KiB/s, done.
Total 3 (delta 0), reused 0 (delta 0), pack-reused 0
To github.com:Arnold97ky/Example.git
   3514959..0351ade  main -> main
consultant@Syss-MacBook-Pro Example % git add Homework01.playground 
consultant@Syss-MacBook-Pro Example % git commit -m "Add playground"
[main 663010b] Add playground
 4 files changed, 156 insertions(+)
 create mode 100644 Homework01.playground/Contents.swift
 create mode 100644 Homework01.playground/contents.xcplayground
 create mode 100644 Homework01.playground/playground.xcworkspace/contents.xcworkspacedata
 create mode 100644 Homework01.playground/playground.xcworkspace/xcuserdata/consultant.xcuserdatad/UserInterfaceState.xcuserstate
consultant@Syss-MacBook-Pro Example % git push
Enumerating objects: 11, done.
Counting objects: 100% (11/11), done.
Delta compression using up to 8 threads
Compressing objects: 100% (9/9), done.
Writing objects: 100% (10/10), 10.32 KiB | 5.16 MiB/s, done.
Total 10 (delta 0), reused 0 (delta 0), pack-reused 0
To github.com:Arnold97ky/Example.git
   0351ade..663010b  main -> main
consultant@Syss-MacBook-Pro Example % 
